// Jest Snapshot v1, https://goo.gl/fbAQLP

exports[`Should render MenuItemComponent, name, price, and onAddItem snapshot 1`] = `
ShallowWrapper {
  "complexSelector": ComplexSelector {
    "buildPredicate": [Function],
    "childrenOfNode": [Function],
    "findWhereUnwrapped": [Function],
  },
  "length": 1,
  "node": <div
    className="MenuItemComponent col s12 m6"
  >
    <div
      className="card"
    >
      <div
        className="card-image"
      >
        <img
          alt="N/a"
          src="//via.placeholder.com/300x200"
        />
      </div>
      <div
        className="card-content"
      >
        <h5
          className="card-title"
        >
          Some Item A
        </h5>
        <p>
          $9.99
        </p>
      </div>
      <div
        className="card-action"
      >
        <a
          onClick={[Function]}
        >
          ADD TO ORDER
        </a>
      </div>
    </div>
  </div>,
  "nodes": Array [
    <div
      className="MenuItemComponent col s12 m6"
    >
      <div
        className="card"
      >
        <div
          className="card-image"
        >
          <img
            alt="N/a"
            src="//via.placeholder.com/300x200"
          />
        </div>
        <div
          className="card-content"
        >
          <h5
            className="card-title"
          >
            Some Item A
          </h5>
          <p>
            $9.99
          </p>
        </div>
        <div
          className="card-action"
        >
          <a
            onClick={[Function]}
          >
            ADD TO ORDER
          </a>
        </div>
      </div>
    </div>,
  ],
  "options": Object {},
  "renderer": ReactShallowRenderer {
    "_instance": ShallowComponentWrapper {
      "_calledComponentWillUnmount": false,
      "_compositeType": 2,
      "_context": Object {},
      "_currentElement": <MenuItemComponent
        item={
          Object {
            "imagePath": "//via.placeholder.com/300x200",
            "name": "Some Item A",
            "price": 9.99,
          }
        }
      />,
      "_debugID": 1,
      "_hostContainerInfo": null,
      "_hostParent": null,
      "_instance": StatelessComponent {
        "_reactInternalInstance": [Circular],
        "context": Object {},
        "props": Object {
          "item": Object {
            "imagePath": "//via.placeholder.com/300x200",
            "name": "Some Item A",
            "price": 9.99,
          },
        },
        "refs": Object {},
        "state": null,
        "updater": Object {
          "enqueueCallback": [Function],
          "enqueueCallbackInternal": [Function],
          "enqueueElementInternal": [Function],
          "enqueueForceUpdate": [Function],
          "enqueueReplaceState": [Function],
          "enqueueSetState": [Function],
          "isMounted": [Function],
          "validateCallback": [Function],
        },
      },
      "_mountOrder": 1,
      "_pendingCallbacks": null,
      "_pendingElement": null,
      "_pendingForceUpdate": false,
      "_pendingReplaceState": false,
      "_pendingStateQueue": null,
      "_renderedComponent": NoopInternalComponent {
        "_currentElement": <div
          className="MenuItemComponent col s12 m6"
        >
          <div
            className="card"
          >
            <div
              className="card-image"
            >
              <img
                alt="N/a"
                src="//via.placeholder.com/300x200"
              />
            </div>
            <div
              className="card-content"
            >
              <h5
                className="card-title"
              >
                Some Item A
              </h5>
              <p>
                $9.99
              </p>
            </div>
            <div
              className="card-action"
            >
              <a
                onClick={[Function]}
              >
                ADD TO ORDER
              </a>
            </div>
          </div>
        </div>,
        "_debugID": 2,
        "_renderedOutput": <div
          className="MenuItemComponent col s12 m6"
        >
          <div
            className="card"
          >
            <div
              className="card-image"
            >
              <img
                alt="N/a"
                src="//via.placeholder.com/300x200"
              />
            </div>
            <div
              className="card-content"
            >
              <h5
                className="card-title"
              >
                Some Item A
              </h5>
              <p>
                $9.99
              </p>
            </div>
            <div
              className="card-action"
            >
              <a
                onClick={[Function]}
              >
                ADD TO ORDER
              </a>
            </div>
          </div>
        </div>,
      },
      "_renderedNodeType": 0,
      "_rootNodeID": 0,
      "_topLevelWrapper": null,
      "_updateBatchNumber": null,
      "_warnedAboutRefsInRender": false,
    },
    "getRenderOutput": [Function],
    "render": [Function],
  },
  "root": [Circular],
  "unrendered": <MenuItemComponent
    item={
      Object {
        "imagePath": "//via.placeholder.com/300x200",
        "name": "Some Item A",
        "price": 9.99,
      }
    }
  />,
}
`;
